2021-09: + 188  total    188  
2021-10: + 159  total    347  
2021-11: + 161  total    508  
2021-12: + 175  total    683  
2022-01: + 153  total    836  
2022-02: + 152  total    988  
2022-03: + 169  total   1157  
2022-04: + 152  total   1309  
2022-05: + 153  total   1462  
2022-06: + 133  total   1595  
2022-07: + 161  total   1756  
2022-08: + 139  total   1895  
2022-09: + 144  total   2039  
2022-10: + 178  total   2217  
2022-11: + 152  total   2369  
2022-12: + 162  total   2531  
2023-01: + 141  total   2672  
2023-02: + 139  total   2811  
2023-03: + 191  total   3002  
2023-04: + 149  total   3151  
2023-05: + 154  total   3305  
2023-06: + 185  total   3490  
2023-07: + 170  total   3660  
2023-08: + 239  total   3899  
2023-09: + 177  total   4076  
2023-10: + 181  total   4257  
2023-11: + 185  total   4442  
2023-12: + 184  total   4626  
2024-01: + 147  total   4773  
2024-02: + 149  total   4922  
2024-03: + 190  total   5112  
2024-04: + 137  total   5249  
2024-05: + 164  total   5413  
2024-06: + 164  total   5577  
2024-07: + 163  total   5740  
2024-08: + 178  total   5918  
2024-09: + 151  total   6069  
2024-10: + 188  total   6257  
2024-11: + 161  total   6418  
2024-12: + 191  total   6609  
2025-01: + 155  total   6764  
2025-02: + 164  total   6928  
2025-03: + 220  total   7148  
2025-04: + 154  total   7302  
2025-05: + 174  total   7476  
2025-06: + 169  total   7645  
2025-07: + 206  total   7851  
2025-08: + 154  total   8005  
2025-09: + 199  total   8204  
2025-10: + 179  total   8383  
2025-11: + 170  total   8553  
2025-12: + 225  total   8778  
2026-01: + 173  total   8951  
2026-02: + 160  total   9111  
2026-03: + 182  total   9293  
2026-04: + 190  total   9483  
2026-05: + 193  total   9676  
2026-06: + 215  total   9891  
2026-07: + 202  total  10093  
2026-08: + 183  total  10276  
2026-09: +  27  total  10303  

wrote /Users/minggguangchen/Desktop/2026/manuscript/superconductivity/artifacts/sc_seed.csv: 10303 rows (6986 primary cond-mat.supr-con, 3317 cross-listed)
